[source] crimea: local 38.6 MiB, age 0.37 d; fresh (< 1 d), reused
[preprocess] POI context: indexing node signals in one pass
[preprocess] running 00:30
[preprocess] POI context: one-pass index complete; food 3,761; accommodation 2,680; transit 3,205; activity 140,829; 35.4s
[preprocess] [preprocess] start: crimean-fed-district-latest.osm.pbf (38.6 MiB)
[preprocess] POI accommodation: 'Симферополь'; 2km=2; 10km=15; priority=sparse
[preprocess] POI accommodation: 'Дубовая роща'; 2km=1; 10km=19; priority=sparse
[preprocess] POI accommodation: 'Гузель'; 2km=2; 10km=3; priority=sparse
[preprocess] [preprocess] label peak n1808430031: 'Гора Скала (68,2 м)' -> 'Скала (68,2 м)'
[preprocess] [preprocess] 1,000,000 objects; 51,635 obj/s
[preprocess] POI accommodation: '"Окунёвка Тур" пансионат'; 2km=2; 10km=5; priority=sparse
[preprocess] [preprocess] label peak n2408837790: 'Гора Юнге' -> 'Юнге'
[preprocess] POI accommodation: 'Yurkina Faso'; 2km=2; 10km=10; priority=sparse
[preprocess] running 01:00
[preprocess] POI accommodation: 'Пансионат Казантип-Лазурный'; 2km=3; 10km=8; priority=sparse
[preprocess] [preprocess] 2,000,000 objects; 53,382 obj/s
[preprocess] POI accommodation: 'Альта'; 2km=1; 10km=1; priority=isolated
[preprocess] POI accommodation: 'Конно-туристическая база "Ход конем"'; 2km=1; 10km=1; priority=isolated
[preprocess] POI accommodation: '32'; 2km=1; 10km=3; priority=isolated
[preprocess] POI accommodation: 'Домик у Шабалиных'; 2km=2; 10km=16; priority=sparse
[preprocess] POI accommodation: 'Тарпанчи'; 2km=2; 10km=5; priority=sparse
[preprocess] POI accommodation: 'Светомир'; 2km=1; 10km=7; priority=isolated
[preprocess] POI accommodation: 'Шоколад'; 2km=2; 10km=3; priority=sparse
[preprocess] POI accommodation: 'ДОК "Новоотрадное-1"'; 2km=3; 10km=8; priority=sparse
[preprocess] POI accommodation: 'Охотничье хозяйство "Холодная гора"'; 2km=2; 10km=3; priority=sparse
[preprocess] POI accommodation: 'У Нины'; 2km=2; 10km=3; priority=sparse
[preprocess] POI accommodation: 'Paradise'; 2km=2; 10km=3; priority=sparse
[preprocess] POI accommodation: 'База отдыха "Рубин"'; 2km=1; 10km=2; priority=isolated
[preprocess] running 01:30
[preprocess] POI accommodation: 'Царское подворье'; 2km=2; 10km=3; priority=sparse
[preprocess] POI accommodation: 'Бирюзовая Бухта'; 2km=1; 10km=17; priority=sparse
[preprocess] POI accommodation: 'Солнышко'; 2km=2; 10km=191; priority=common
[preprocess] POI accommodation: 'Зелёный Дом'; 2km=1; 10km=5; priority=isolated
[preprocess] POI accommodation: 'Изумруд'; 2km=1; 10km=3; priority=isolated
[preprocess] POI accommodation: 'Апарт-отель "Гора"'; 2km=3; 10km=7; priority=sparse
[preprocess] POI accommodation: 'Guest House'; 2km=1; 10km=7; priority=isolated
[preprocess] POI accommodation: 'Восток'; 2km=1; 10km=2; priority=isolated
[preprocess] POI accommodation: 'Перевальное'; 2km=1; 10km=4; priority=isolated
[preprocess] POI accommodation: 'ЭКО усадьба Можжевеловый дворик'; 2km=1; 10km=17; priority=sparse
[preprocess] [preprocess] 3,000,000 objects; 47,880 obj/s
[preprocess] POI accommodation: 'Маяк'; 2km=1; 10km=9; priority=isolated
[preprocess] POI accommodation: 'Аврора'; 2km=1; 10km=2; priority=isolated
[preprocess] POI accommodation: 'Гартенталь'; 2km=1; 10km=3; priority=isolated
[preprocess] [preprocess] label peak n6478117481: 'Гора Кардон-Оба' -> 'Кардон-Оба'
[preprocess] POI accommodation: 'Тиритака'; 2km=3; 10km=8; priority=sparse
[preprocess] POI accommodation: 'Замок грёз'; 2km=1; 10km=8; priority=isolated
[preprocess] POI accommodation: 'Усадьба баксан , банька ))'; 2km=1; 10km=2; priority=isolated
[preprocess] POI accommodation: 'Ковбой, Конный клуб'; 2km=1; 10km=3; priority=isolated
[preprocess] POI accommodation: 'Дядя Саша'; 2km=1; 10km=5; priority=isolated
[preprocess] POI accommodation: 'Солнышко'; 2km=381; 10km=637; priority=common
[preprocess] POI accommodation: 'Солнышко'; 2km=277; 10km=636; priority=common
[preprocess] POI accommodation: 'Солнышко'; 2km=381; 10km=637; priority=common
[preprocess] POI accommodation: 'Ангара'; 2km=1; 10km=4; priority=isolated
[preprocess] POI accommodation: 'Пансионат "Солнечный ветер"'; 2km=2; 10km=12; priority=sparse
[preprocess] POI accommodation: 'Душевное место'; 2km=3; 10km=22; priority=sparse
[preprocess] POI accommodation: 'La Grace'; 2km=1; 10km=7; priority=isolated
[preprocess] POI accommodation: 'Круть'; 2km=1; 10km=1; priority=isolated
[preprocess] POI accommodation: 'Первая база'; 2km=2; 10km=19; priority=sparse
[preprocess] POI accommodation: 'Арт-домик'; 2km=1; 10km=18; priority=sparse
[preprocess] [preprocess] label peak n8711724336: 'Гора выше брежневок' -> 'выше брежневок'
[preprocess] POI accommodation: 'Бутик-отель "Maverick House"'; 2km=2; 10km=4; priority=sparse
[preprocess] POI accommodation: 'У Лены'; 2km=1; 10km=13; priority=sparse
[preprocess] POI accommodation: 'Частный пляж и причал-226 ИП Денисенко'; 2km=1; 10km=1; priority=isolated
[preprocess] POI accommodation: 'Поместье Барковых'; 2km=1; 10km=5; priority=isolated
[preprocess] [preprocess] label peak n9233697634: 'Гора Гюзель-Даг' -> 'Гюзель-Даг'
[preprocess] POI accommodation: 'Экоферма'; 2km=1; 10km=18; priority=sparse
[preprocess] running 02:00
[preprocess] [preprocess] 4,000,000 objects; 46,978 obj/s
[preprocess] POI accommodation: 'Поместье Керменчик'; 2km=3; 10km=19; priority=sparse
[preprocess] POI accommodation: 'Усадьба Подгорная'; 2km=2; 10km=17; priority=sparse
[preprocess] POI accommodation: 'Чаир'; 2km=2; 10km=20; priority=sparse
[preprocess] POI accommodation: 'Сафари'; 2km=1; 10km=8; priority=isolated
[preprocess] [preprocess] label peak n10239761216: 'Гора Кара-Баир' -> 'Кара-Баир'
[preprocess] POI accommodation: 'Мій будинок дитинства'; 2km=1; 10km=1; priority=isolated
[preprocess] [preprocess] label peak n12422724028: 'Гора Мола-Абдул-Вяли' -> 'Мола-Абдул-Вяли'
[preprocess] POI accommodation: 'Усадьба Махульдур'; 2km=1; 10km=19; priority=sparse
[preprocess] POI accommodation: 'Villa Aya'; 2km=1; 10km=14; priority=sparse
[preprocess] [preprocess] label peak n13540203823: 'Гора Янгыз-Кая' -> 'Янгыз-Кая'
[preprocess] [preprocess] label peak n13540209946: 'Гора Топ-Коба' -> 'Топ-Коба'
[preprocess] [preprocess] label peak n13590658602: 'Гора Вулкан' -> 'Вулкан'
[preprocess] [preprocess] label water w87747668: 'озеро Кучки' -> 'Кучки'
[preprocess] [preprocess] label water w91658388: 'озеро Климентово Море' -> 'Климентово Море'
[preprocess] [preprocess] label water w94596360: 'Озеро Глинка' -> 'Глинка'
[preprocess] [preprocess] label water w95949613: 'озеро Верхнее' -> 'Верхнее'
[preprocess] [preprocess] label water w98185590: 'Озеро Богайлы' -> 'Богайлы'
[preprocess] [preprocess] label water w100783891: 'озеро Янгул' -> 'Янгул'
[preprocess] [preprocess] label water w105278109: 'озеро Ярылгач' -> 'Ярылгач'
[preprocess] [preprocess] label water w107826221: 'озеро Панагия' -> 'Панагия'
[preprocess] [preprocess] label water w126406910: 'Озеро Утренней Зари' -> 'Утренней Зари'
[preprocess] [preprocess] label water w130643749: 'озеро Муловское' -> 'Муловское'
[preprocess] [preprocess] label water w174038201: 'Озеро с платной рыбалкой' -> 'с платной рыбалкой'
[preprocess] [preprocess] label water w219292706: 'озеро Аджигал' -> 'Аджигал'
[preprocess] [preprocess] label ridge w219383539: 'хребет Кучук-Егет' -> 'Кучук-Егет'
[preprocess] [preprocess] label ridge w275252530: 'хребет Кара-Агач' -> 'Кара-Агач'
[preprocess] [preprocess] label ridge w302389249: 'хребет Сонки-Сырт' -> 'Сонки-Сырт'
[preprocess] [preprocess] label ridge w312684439: 'Хребет Самолетка' -> 'Самолетка'
[preprocess] [preprocess] label ridge w317186189: 'Хребет Абдуга' -> 'Абдуга'
[preprocess] [preprocess] label ridge w321037003: 'хребет Беш-Таш' -> 'Беш-Таш'
[preprocess] [preprocess] label ridge w321037004: 'хребет Коз-Теке' -> 'Коз-Теке'
[preprocess] [preprocess] label ridge w321037005: 'хребет Сююрю-Кая' -> 'Сююрю-Кая'
[preprocess] [preprocess] label ridge w321043423: 'хребет Кок-Кая' -> 'Кок-Кая'
[preprocess] [preprocess] label ridge w321043425: 'хребет Магнитный' -> 'Магнитный'
[preprocess] [preprocess] label ridge w321048169: 'хребет Хоба-Тепе' -> 'Хоба-Тепе'
[preprocess] [preprocess] label ridge w321166599: 'Хребет Кучук-Енышар' -> 'Кучук-Енышар'
[preprocess] [preprocess] label ridge w321171155: 'Хребет Биюк-Енышар' -> 'Биюк-Енышар'
[preprocess] [preprocess] label ridge w321799162: 'хребет Биюк-Эгет' -> 'Биюк-Эгет'
[preprocess] [preprocess] label ridge w321799712: 'хребет Ботегеч' -> 'Ботегеч'
[preprocess] [preprocess] label ridge w330079107: 'Хребет Бахтарыш' -> 'Бахтарыш'
[preprocess] [preprocess] label ridge w330079108: 'Хребет Кипсок' -> 'Кипсок'
[preprocess] [preprocess] label ridge w334862695: 'Хребет Таш-Хабах' -> 'Таш-Хабах'
[preprocess] [preprocess] label ridge w334862700: 'Хребет Эльх-Кая' -> 'Эльх-Кая'
[preprocess] [preprocess] label ridge w335004342: 'Хребет Папас-Тепе' -> 'Папас-Тепе'
[preprocess] [preprocess] label ridge w335014996: 'Хребет Яман-Таш' -> 'Яман-Таш'
[preprocess] [preprocess] label ridge w335163231: 'Хребет Катран' -> 'Катран'
[preprocess] [preprocess] label ridge w335521913: 'Хребет Конделен-Сырт' -> 'Конделен-Сырт'
[preprocess] [preprocess] label ridge w336770815: 'Хребет Кубалач' -> 'Кубалач'
[preprocess] [preprocess] label ridge w337986206: 'Хребет Кавершинский Бугор' -> 'Кавершинский Бугор'
[preprocess] [preprocess] label ridge w337986207: 'Хребет Кыз-Лур' -> 'Кыз-Лур'
[preprocess] [preprocess] label ridge w337986208: 'Хребет Хыр-Алан' -> 'Хыр-Алан'
[preprocess] [preprocess] label ridge w338008851: 'Хребет Карши-Кая' -> 'Карши-Кая'
[preprocess] [preprocess] label ridge w363805001: 'Хребет Урага' -> 'Урага'
[preprocess] [preprocess] label ridge w372072911: 'Хребет Кобузныген-Каясы' -> 'Кобузныген-Каясы'
[preprocess] [preprocess] label ridge w372072912: 'Хребет Муфлонный' -> 'Муфлонный'
[preprocess] [preprocess] label ridge w372072913: 'Хребет Тимер-Бек' -> 'Тимер-Бек'
[preprocess] [preprocess] label water w383614350: 'озеро Солдатское' -> 'Солдатское'
[preprocess] [preprocess] label ridge w384337382: 'Хребет Чатыр-Даг' -> 'Чатыр-Даг'
[preprocess] [preprocess] label ridge w385030078: 'Хребет Армутлук' -> 'Армутлук'
[preprocess] [preprocess] label ridge w388690867: 'Хребет Сюндюрлю-Баир' -> 'Сюндюрлю-Баир'
[preprocess] [preprocess] label ridge w389717001: 'Хребет Орта-Сырт' -> 'Орта-Сырт'
[preprocess] [preprocess] label ridge w391214077: 'Хребет Орта-Чахлы' -> 'Орта-Чахлы'
[preprocess] [preprocess] label ridge w391214078: 'Хребет Ускуларский' -> 'Ускуларский'
[preprocess] [preprocess] label ridge w405641040: 'Хребет Аскар' -> 'Аскар'
[preprocess] [preprocess] label ridge w405641041: 'Хребет Каменистый' -> 'Каменистый'
[preprocess] [preprocess] label ridge w405641042: 'Хребет Прямой' -> 'Прямой'
[preprocess] [preprocess] label ridge w405964834: 'Хребет Чёрный' -> 'Чёрный'
[preprocess] [preprocess] label water w409411176: 'Озеро АБЗ' -> 'АБЗ'
[preprocess] [preprocess] label ridge w419517255: 'хребет Чалка' -> 'Чалка'
[preprocess] [preprocess] label ridge w419517256: 'хребет Эчки-Даг' -> 'Эчки-Даг'
[preprocess] [preprocess] label ridge w484751996: 'Хребет Домузоран' -> 'Домузоран'
[preprocess] [preprocess] label ridge w521845180: 'Хребет Шепелева' -> 'Шепелева'
[preprocess] [preprocess] label ridge w521858029: 'Хребет Грамофонный' -> 'Грамофонный'
[preprocess] [preprocess] label ridge w533931832: 'Хребет Тогал-Бурун' -> 'Тогал-Бурун'
[preprocess] [preprocess] label ridge w533944514: 'Хребет Ровненький' -> 'Ровненький'
[preprocess] [preprocess] label ridge w533944553: 'Хребет Каракол' -> 'Каракол'
[preprocess] [preprocess] label ridge w540710863: 'Хребет Каменистый' -> 'Каменистый'
[preprocess] [preprocess] label ridge w540710865: 'Хребет Подкова' -> 'Подкова'
[preprocess] [preprocess] label ridge w561840227: 'Хребет Кочаные Бугры' -> 'Кочаные Бугры'
[preprocess] [preprocess] label ridge w566095725: 'Хребет Сандраган' -> 'Сандраган'
[preprocess] [preprocess] label ridge w567092578: 'Хребет Сары-Тепе' -> 'Сары-Тепе'
[preprocess] [preprocess] label water w567092580: 'Озеро Викинг' -> 'Викинг'
[preprocess] [preprocess] 5,000,000 objects; 46,480 obj/s
[preprocess] [preprocess] label ridge w571020267: 'Хребет Ликман-Ганын' -> 'Ликман-Ганын'
[preprocess] [preprocess] label ridge w654538401: 'Хребет Ставри-Кая' -> 'Ставри-Кая'
[preprocess] [preprocess] label ridge w654538404: 'Хребет Горпано-Сталони западный' -> 'Горпано-Сталони западный'
[preprocess] [preprocess] label ridge w654538441: 'Хребет Ай-Йори' -> 'Ай-Йори'
[preprocess] [preprocess] label ridge w662580056: 'Хребет Туар-Алан' -> 'Туар-Алан'
[preprocess] [preprocess] label ridge w675028724: 'Хребет Иванчи-Бель' -> 'Иванчи-Бель'
[preprocess] [preprocess] label ridge w675028735: 'хребет Кордон-Баир' -> 'Кордон-Баир'
[preprocess] [preprocess] label ridge w677980498: 'Хребет Тызкны' -> 'Тызкны'
[preprocess] [preprocess] label ridge w680417596: 'Хребет Орта-Сырт' -> 'Орта-Сырт'
[preprocess] [preprocess] label ridge w680417600: 'Хребет Кара-Агач' -> 'Кара-Агач'
[preprocess] [preprocess] label water w940432111: 'Озеро Любви' -> 'Любви'
[preprocess] [preprocess] label ridge w1002383346: 'Хребет Азапсын-Сырт' -> 'Азапсын-Сырт'
[preprocess] [preprocess] label ridge w1133444408: 'Хребет Хырлар' -> 'Хырлар'
[preprocess] [preprocess] label ridge w1133444418: 'Хребет Горпано-Сталони восточный' -> 'Горпано-Сталони восточный'
[preprocess] [preprocess] label ridge w1342753117: 'хребет Катыр-Тырнах' -> 'Катыр-Тырнах'
[preprocess] [preprocess] label water r7456318: 'Озеро Обильное' -> 'Обильное'
[preprocess] [preprocess] label water r11940691: 'озеро Ачи' -> 'Ачи'
[preprocess] [preprocess] label water r14050788: 'озеро Джарылгач' -> 'Джарылгач'
[preprocess] [preprocess] 5,288,680 objects; 46,126 obj/s
[preprocess] POI context: food shops 3,761; common 3,496; sparse 221; isolated 44
[preprocess] POI activity density: samples 9,645; 500m p25=25 p50=77 p75=164 p90=269; 2km p25=187 p50=531 p75=1208 p90=2352; 10km p25=1449 p50=3641 p75=6442 p90=14741
[preprocess] POI context: hotels/hostels 2,680; common 2,615; sparse 34; isolated 31
[preprocess] POI accommodation check: 'Солнышко'; id=7232356571; lat=44.753204; lon=34.545910; 2km=381; 10km=637; activity500m=123; activity2km=571; activity10km=1422; priority=common
[preprocess] POI context: activity nodes 140,829; enriched POIs 9,645
[preprocess] POI context: transit stops 3,205; common 2,423; sparse 455; isolated 327
[preprocess] [preprocess] done; report: report.json
{
  "mode": "apply",
  "result": {
    "build_id": "c7d18964a17540fdbe2a6b6e9f807ac2",
    "product": "crimea",
    "status": "failed",
    "stages": [
      {
        "build_id": "c7d18964a17540fdbe2a6b6e9f807ac2",
        "attempt_id": 279,
        "product": "crimea",
        "stage": "preprocess",
        "status": "success",
        "exit_code": 0,
        "duration_seconds": 150.66004704206716,
        "stdout_log": "/Volumes/1TSams/garmin_lab/builds/c7d18964a17540fdbe2a6b6e9f807ac2/preprocess/stdout.attempt-1.log",
        "stderr_log": "/Volumes/1TSams/garmin_lab/builds/c7d18964a17540fdbe2a6b6e9f807ac2/preprocess/stderr.attempt-1.log",
        "checkpoint": [
          {
            "path": "preprocessed.osm.pbf",
            "kind": "file",
            "size": 40780708,
            "mtime_ns": 1788108579000000000
          },
          {
            "path": "report.json",
            "kind": "file",
            "size": 208832,
            "mtime_ns": 1788108580000000000
          }
        ],
        "reused_attempt_id": null
      },
      {
        "build_id": "c7d18964a17540fdbe2a6b6e9f807ac2",
        "attempt_id": 280,
        "product": "crimea",
        "stage": "merge",
        "status": "success",
        "exit_code": 0,
        "duration_seconds": 1.0112078749807552,
        "stdout_log": "/Volumes/1TSams/garmin_lab/builds/c7d18964a17540fdbe2a6b6e9f807ac2/merge/stdout.attempt-1.log",
        "stderr_log": "/Volumes/1TSams/garmin_lab/builds/c7d18964a17540fdbe2a6b6e9f807ac2/merge/stderr.attempt-1.log",
        "checkpoint": [
          {
            "path": "enriched.osm.pbf",
            "kind": "file",
            "size": 46835506,
            "mtime_ns": 1788108581000000000
          }
        ],
        "reused_attempt_id": null
      },
      {
        "build_id": "c7d18964a17540fdbe2a6b6e9f807ac2",
        "attempt_id": 281,
        "product": "crimea",
        "stage": "splitter",
        "status": "failed",
        "exit_code": 1,
        "duration_seconds": 1.0372349589597434,
        "stdout_log": "/Volumes/1TSams/garmin_lab/builds/c7d18964a17540fdbe2a6b6e9f807ac2/splitter/stdout.attempt-1.log",
        "stderr_log": "/Volumes/1TSams/garmin_lab/builds/c7d18964a17540fdbe2a6b6e9f807ac2/splitter/stderr.attempt-1.log",
        "checkpoint": null,
        "reused_attempt_id": null
      }
    ],
    "final_result": null
  }
}
